// Jest Snapshot v1, https://goo.gl/fbAQLP

exports[`Storyshots Depths All 1`] = `
.c0 {
  display: inline-block;
  width: 120px;
  height: 60px;
  line-height: 60px;
  margin: 15px 10px;
  border-radius: 2px;
  background-color: #FFF;
  text-align: center;
}

<div>
  <div
    className="c0"
    style={
      Object {
        "boxShadow": "0 0 0 1px rgba(18, 52, 102, 0.15)",
      }
    }
  >
    Depth 
    1
  </div>
  <div
    className="c0"
    style={
      Object {
        "boxShadow": "0 0 0 1px rgba(18, 52, 102, 0.2), 0 1px 4px 0 rgba(18, 52, 102, 0.15)",
      }
    }
  >
    Depth 
    2
  </div>
  <div
    className="c0"
    style={
      Object {
        "boxShadow": "0 2px 8px 0 rgba(18, 52, 102, 0.2), 0 0 0 1px rgba(18, 52, 102, 0.15)",
      }
    }
  >
    Depth 
    3
  </div>
</div>
`;

exports[`Storyshots Responsive Utils default 1`] = `
.c0 {
  padding: 10px;
  background-color: #FFF;
}

<div
  className="c0"
>
  <div>
    <div>
      Hidden at breakpoint 0
    </div>
  </div>
</div>
`;

exports[`Storyshots Typography All 1`] = `
.c0 {
  text-align: left;
  vertical-align: bottom;
}

.c1 {
  font-family: Circular,sans-serif;
  font-size: 48px;
  line-height: 1;
  font-weight: 600;
}

.c2 {
  font-family: Circular,sans-serif;
  font-size: 24px;
  line-height: 1.17;
  font-weight: 600;
}

.c3 {
  font-family: Circular,sans-serif;
  font-size: 24px;
  line-height: 1.33;
  font-weight: 400;
}

.c4 {
  font-family: Circular,sans-serif;
  font-size: 32px;
  line-height: 1.25;
  font-weight: 700;
}

.c5 {
  font-family: Circular,sans-serif;
  font-size: 19px;
  line-height: 1.26;
  font-weight: 600;
}

.c6 {
  font-family: Circular,sans-serif;
  font-size: 19px;
  line-height: 1.47;
  font-weight: 400;
}

.c7 {
  font-family: Circular,sans-serif;
  font-size: 24px;
  line-height: 1.33;
  font-weight: 700;
}

.c8 {
  font-family: Circular,sans-serif;
  font-size: 16px;
  line-height: 1.25;
  font-weight: 600;
}

.c9 {
  font-family: Circular,sans-serif;
  font-size: 16px;
  line-height: 1.5;
  font-weight: 400;
}

.c10 {
  font-family: Circular,sans-serif;
  font-size: 19px;
  line-height: 1.26;
  font-weight: 700;
}

.c11 {
  font-family: Circular,sans-serif;
  font-size: 14px;
  line-height: 1.14;
  font-weight: 600;
}

.c12 {
  font-family: Circular,sans-serif;
  font-size: 14px;
  line-height: 1.43;
  font-weight: 400;
}

.c13 {
  font-family: Circular,sans-serif;
  font-size: 12px;
  line-height: 1;
  font-weight: 600;
}

.c14 {
  font-family: Circular,sans-serif;
  font-size: 12px;
  line-height: 1.33;
  font-weight: 400;
}

.c15 {
  font-family: Circular,sans-serif;
  font-size: 12px;
  line-height: 1.33;
  font-weight: 700;
  text-transform: uppercase;
}

<table
  cellPadding="10"
>
  <thead
    className="c0"
  >
    <tr>
      <th>
        Sizes
      </th>
      <th>
        Headings
      </th>
      <th>
        Controls
        <br />
        (button, input, avatar)
      </th>
      <th>
        Paragraphs
      </th>
    </tr>
  </thead>
  <tbody>
    <tr>
      <td>
        xxl
      </td>
      <td>
        <div
          className="c1"
          fontStyle="headings.xxl"
        >
          Heading Text
        </div>
      </td>
      <td>
        <div
          className="c2"
          fontStyle="controls.xxl"
        >
          Control Text
        </div>
      </td>
      <td>
        <div
          className="c3"
          fontStyle="paragraphs.xxl"
        >
          Fusce vehicula dolor arcu, sit amet blandit dolor mollis nec.
        </div>
      </td>
    </tr>
    <tr>
      <td>
        xl
      </td>
      <td>
        <div
          className="c4"
          fontStyle="headings.xl"
        >
          Heading Text
        </div>
      </td>
      <td>
        <div
          className="c5"
          fontStyle="controls.xl"
        >
          Control Text
        </div>
      </td>
      <td>
        <div
          className="c6"
          fontStyle="paragraphs.xl"
        >
          Fusce vehicula dolor arcu, sit amet blandit dolor mollis nec.
        </div>
      </td>
    </tr>
    <tr>
      <td>
        l
      </td>
      <td>
        <div
          className="c7"
          fontStyle="headings.l"
        >
          Heading Text
        </div>
      </td>
      <td>
        <div
          className="c8"
          fontStyle="controls.l"
        >
          Control Text
        </div>
      </td>
      <td>
        <div
          className="c9"
          fontStyle="paragraphs.l"
        >
          Fusce vehicula dolor arcu, sit amet blandit dolor mollis nec.
        </div>
      </td>
    </tr>
    <tr>
      <td>
        m
      </td>
      <td>
        <div
          className="c10"
          fontStyle="headings.m"
        >
          Heading Text
        </div>
      </td>
      <td>
        <div
          className="c11"
          fontStyle="controls.m"
        >
          Control Text
        </div>
      </td>
      <td>
        <div
          className="c12"
          fontStyle="paragraphs.m"
        >
          Fusce vehicula dolor arcu, sit amet blandit dolor mollis nec.
        </div>
      </td>
    </tr>
    <tr>
      <td>
        s
      </td>
      <td>
        <div
          className="c9"
          fontStyle="headings.s"
        >
          Heading Text
        </div>
      </td>
      <td>
        <div
          className="c13"
          fontStyle="controls.s"
        >
          Control Text
        </div>
      </td>
      <td>
        <div
          className="c14"
          fontStyle="paragraphs.s"
        >
          Fusce vehicula dolor arcu, sit amet blandit dolor mollis nec.
        </div>
      </td>
    </tr>
    <tr>
      <td>
        xs
      </td>
      <td>
        <div
          className="c15"
          fontStyle="headings.xs"
        >
          Heading Text
        </div>
      </td>
    </tr>
  </tbody>
</table>
`;
