// Jest Snapshot v1, https://goo.gl/fbAQLP

exports[`Storyshots Card default 1`] = `
.c6 {
  box-sizing: border-box;
}

.c1 {
  overflow: hidden;
  border-radius: 2px;
  border-width: 1px;
  border-style: solid;
}

.c4 {
  padding: 8px;
  font-size: 16px;
}

.c3 {
  font-weight: 600;
  border-bottom-width: 1px;
  border-bottom-style: solid;
}

.c9 {
  padding: 8px;
  font-size: 14px;
}

.c8 {
  font-weight: 600;
  border-top-width: 1px;
  border-top-style: solid;
}

.c0 {
  border: 1px solid #DBDFE3;
  background: #FFF;
  margin-bottom: 16px;
  overflow: visible;
}

.c2 {
  border-bottom: 1px solid;
  border-color: #DBDFE3;
  padding: 16px 24px;
}

.c5 {
  border-bottom: 1px solid #DBDFE3;
  padding-top: 16px;
  padding-left: 24px;
  padding-right: 24px;
  padding-bottom: 32px;
}

.c5:last-of-type {
  border-bottom: none;
}

.c7 {
  border-top: 1px solid;
  border-color: #DBDFE3;
  padding: 16px 24px;
}

header + .c7 {
  border-top: none;
}

<div
  className="c0 c1 "
  is={null}
>
  <header
    className="c2 c3 c4"
    is={null}
  >
     Header 
  </header>
  <div
    className="c5 c6"
    is={null}
    padded={true}
  >
     Row 1
  </div>
  <div
    className="c5 c6"
    is={null}
    padded={true}
  >
     Row 2
  </div>
  <footer
    className="c7 c8 c9"
    is={null}
  >
     Footer 
  </footer>
</div>
`;
