// Jest Snapshot v1, https://goo.gl/fbAQLP

exports[`Storyshots Table default 1`] = `
.c6 {
  box-sizing: border-box;
  margin-left: -8px;
  margin-right: -8px;
  margin-top: -8px;
  margin-bottom: -8px;
}

.c7 {
  box-sizing: border-box;
  width: 100%;
  padding-left: 8px;
  padding-right: 8px;
  padding-top: 8px;
  padding-bottom: 8px;
}

.c8 {
  box-sizing: border-box;
}

.c9 {
  box-sizing: border-box;
  width: 100%;
  padding-left: 8px;
  padding-right: 8px;
  padding-top: 8px;
  padding-bottom: 8px;
}

.c5 {
  display: -webkit-box;
  display: -webkit-flex;
  display: -ms-flexbox;
  display: flex;
  -webkit-flex-wrap: wrap;
  -ms-flex-wrap: wrap;
  flex-wrap: wrap;
  -webkit-align-items: center;
  -webkit-box-align: center;
  -ms-flex-align: center;
  align-items: center;
}

.c1 {
  overflow: hidden;
  border-radius: 2px;
  border-width: 1px;
  border-style: solid;
}

.c4 {
  padding: 8px;
  font-size: 16px;
}

.c3 {
  font-weight: 600;
  border-bottom-width: 1px;
  border-bottom-style: solid;
}

.c13 {
  padding: 8px;
  font-size: 14px;
}

.c12 {
  font-weight: 600;
  border-top-width: 1px;
  border-top-style: solid;
}

.c0 {
  border: 1px solid #DBDFE3;
  background: #FFF;
  margin-bottom: 16px;
  overflow: visible;
}

.c2 {
  border-bottom: 1px solid;
  border-color: #DBDFE3;
  padding: 16px 24px;
}

.c11 {
  border-top: 1px solid;
  border-color: #DBDFE3;
  padding: 16px 24px;
}

header + .c11 {
  border-top: none;
}

.c10 {
  padding: 24px;
  border-bottom: 1px solid #DBDFE3;
}

.c10:last-of-type {
  border-bottom: none;
}

@media screen and (min-width:48em) {
  .c7 {
    width: 50%;
  }
}

@media screen and (min-width:48em) {
  .c9 {
    width: 25%;
  }
}

<div
  className="c0 c1 "
  is={null}
>
  <header
    className="c2 c3 c4"
    is={null}
  >
    <div
      className="c5 c6"
      is={null}
    >
      <div
        className="c7"
        is={null}
      >
        <div
          className="c8"
          is={null}
        >
           Header 1 
        </div>
      </div>
      <div
        className="c9"
        is={null}
      >
        <div
          className="c8"
          is={null}
        >
           Header 2 
        </div>
      </div>
      <div
        className="c9"
        is={null}
      >
        <div
          className="c8"
          is={null}
        >
           Header 3 
        </div>
      </div>
    </div>
  </header>
  <div
    className="c10 c8"
    is={null}
  >
    <div
      className="c5 c6"
      is={null}
    >
      <div
        className="c7"
        is={null}
      >
        <div
          className="c8"
          is={null}
        >
           1 1 
        </div>
      </div>
      <div
        className="c9"
        is={null}
      >
        <div
          className="c8"
          is={null}
        >
           1 2 
        </div>
      </div>
      <div
        className="c9"
        is={null}
      >
        <div
          className="c8"
          is={null}
        >
           1 3 
        </div>
      </div>
    </div>
  </div>
  <div
    className="c10 c8"
    is={null}
  >
    <div
      className="c5 c6"
      is={null}
    >
      <div
        className="c7"
        is={null}
      >
        <div
          className="c8"
          is={null}
        >
           2 1 
        </div>
      </div>
      <div
        className="c9"
        is={null}
      >
        <div
          className="c8"
          is={null}
        >
           2 2 
        </div>
      </div>
      <div
        className="c9"
        is={null}
      >
        <div
          className="c8"
          is={null}
        >
           2 3 
        </div>
      </div>
    </div>
  </div>
  <footer
    className="c11 c12 c13"
    is={null}
  >
    <div
      className="c5 c6"
      is={null}
    >
      <div
        className="c7"
        is={null}
      >
        <div
          className="c8"
          is={null}
        >
           Footer 1 
        </div>
      </div>
      <div
        className="c9"
        is={null}
      >
        <div
          className="c8"
          is={null}
        >
           Footer 2 
        </div>
      </div>
      <div
        className="c9"
        is={null}
      >
        <div
          className="c8"
          is={null}
        >
           Footer 3 
        </div>
      </div>
    </div>
  </footer>
</div>
`;
